K
FRED
JF
LARI
A
A
A
A
A
A
A
A
AA
B
B
AAAAAAAAAAAAAAA
AA
A
A
AA
AA
AA
AA
B
AB
ABCZY
ABCZZY
ABCZZL
ABCZZZ
ABCZZM
ABCZZ
ABD
ABD
ABD
ABD
